[0m
> build · nvidia/nemotron-3-super-120b-a12b
[0m
[0m→ [0mRead SPEC.md
[0m
[0m$ [0mls -la
total 48
drwxr-xr-x   8 user  staff   256 Sep 24 13:19 .
drwxr-xr-x  15 user  staff   480 Sep 24 13:15 ..
-rw-r--r--   1 user  staff  3517 Sep 24 13:09 AGENTS.md
-rw-r--r--   1 user  staff  1410 Sep 24 13:16 Makefile
-rw-r--r--   1 user  staff  9315 Sep 24 13:19 SPEC.md
-rw-r--r--   1 user  staff    80 Sep 24 13:19 _run.err
-rw-r--r--   1 user  staff     0 Sep 24 13:19 _run.log
drwxr-xr-x   2 user  staff    64 Sep 24 13:06 tests
[0m
[0m→ [0mRead Makefile
[0m
[0m$ [0mls -la tests/
total 0
drwxr-xr-x  2 user  staff   64 Sep 24 13:06 .
drwxr-xr-x  8 user  staff  256 Sep 24 13:19 ..
[0m
[0m← [0mWrite numlib.h
Wrote file successfully.
[0m
[0m← [0mWrite numlib.c
Wrote file successfully.
[0m
[0m← [0mWrite test_numlib.c
Wrote file successfully.
[0m
[0m$ [0mmake test
mkdir -p build
cc -std=c99 -O0 -g -Wall -Wextra -Wpedantic --coverage -c numlib.c -o build/numlib.o
In file included from numlib.c:1:
./numlib.h:15:22: warning: no newline at end of file [-Wnewline-eof]
   15 | #endif /* NUMLIB_H */
      |                      ^
numlib.c:111:2: warning: no newline at end of file [-Wnewline-eof]
  111 | }
      |  ^
2 warnings generated.
cc -std=c99 -O0 -g -Wall -Wextra -Wpedantic --coverage -c test_numlib.c -o build/test_numlib.o
In file included from test_numlib.c:1:
./numlib.h:15:22: warning: no newline at end of file [-Wnewline-eof]
   15 | #endif /* NUMLIB_H */
      |                      ^
test_numlib.c:12:20: error: expected ')'
   12 |         printf("%" PRId32, arr[i]);
      |                    ^
test_numlib.c:12:15: note: to match this '('
   12 |         printf("%" PRId32, arr[i]);
      |               ^
test_numlib.c:9:63: warning: unused parameter 'arr' [-Wunused-parameter]
    9 | static void print_int32_array(const char *msg, const int32_t *arr, size_t n) {
      |                                                               ^
test_numlib.c:54:16: error: use of undeclared identifier 'FAIL'
   54 |         return FAIL;
      |                ^
test_numlib.c:58:16: error: use of undeclared identifier 'FAIL'
   58 |         return FAIL;
      |                ^
test_numlib.c:60:12: error: use of undeclared identifier 'PASS'
   60 |     return PASS;
      |            ^
test_numlib.c:71:16: error: use of undeclared identifier 'FAIL'
   71 |         return FAIL;
      |                ^
test_numlib.c:75:16: error: use of undeclared identifier 'FAIL'
   75 |         return FAIL;
      |                ^
test_numlib.c:77:12: error: use of undeclared identifier 'PASS'
   77 |     return PASS;
      |            ^
test_numlib.c:89:16: error: use of undeclared identifier 'FAIL'
   89 |         return FAIL;
      |                ^
test_numlib.c:93:16: error: use of undeclared identifier 'FAIL'
   93 |         return FAIL;
      |                ^
test_numlib.c:95:12: error: use of undeclared identifier 'PASS'
   95 |     return PASS;
      |            ^
test_numlib.c:106:16: error: use of undeclared identifier 'FAIL'
  106 |         return FAIL;
      |                ^
test_numlib.c:112:16: error: use of undeclared identifier 'FAIL'
  112 |         return FAIL;
      |                ^
test_numlib.c:114:12: error: use of undeclared identifier 'PASS'
  114 |     return PASS;
      |            ^
test_numlib.c:140:16: error: use of undeclared identifier 'FAIL'
  140 |         return FAIL;
      |                ^
test_numlib.c:146:20: error: use of undeclared identifier 'FAIL'
  146 |             return FAIL;
      |                    ^
test_numlib.c:150:12: error: use of undeclared identifier 'PASS'
  150 |     return PASS;
      |            ^
test_numlib.c:161:16: error: use of undeclared identifier 'FAIL'
  161 |         return FAIL;
      |                ^
test_numlib.c:167:16: error: use of undeclared identifier 'FAIL'
  167 |         return FAIL;
      |                ^
test_numlib.c:169:12: error: use of undeclared identifier 'PASS'
  169 |     return PASS;
      |            ^
fatal error: too many errors emitted, stopping now [-ferror-limit=]
2 warnings and 20 errors generated.
make: *** [build/test_numlib.o] Error 1
[0m
[0m→ [0mRead numlib.h
[0m
[0m← [0mWrite numlib.h
Wrote file successfully.
[0m
[0m→ [0mRead numlib.c
[0m
[0m← [0mWrite numlib.c
Wrote file successfully.
[0m
[0m← [0mWrite test_numlib.c
Wrote file successfully.
[0m
[0m$ [0mmake test
cc -std=c99 -O0 -g -Wall -Wextra -Wpedantic --coverage -c numlib.c -o build/numlib.o
In file included from numlib.c:1:
./numlib.h:15:22: warning: no newline at end of file [-Wnewline-eof]
   15 | #endif /* NUMLIB_H */
      |                      ^
numlib.c:111:2: warning: no newline at end of file [-Wnewline-eof]
  111 | }
      |  ^
2 warnings generated.
cc -std=c99 -O0 -g -Wall -Wextra -Wpedantic --coverage -c test_numlib.c -o build/test_numlib.o
In file included from test_numlib.c:1:
./numlib.h:15:22: warning: no newline at end of file [-Wnewline-eof]
   15 | #endif /* NUMLIB_H */
      |                      ^
test_numlib.c:124:13: warning: unused variable 'orig' [-Wunused-variable]
  124 |     int32_t orig[] = {42, 42, 42};
      |             ^~~~
test_numlib.c:187:31: error: call to undeclared library function 'malloc' with type 'void *(unsigned long)'; ISO C99 and later do not support implicit function declarations [-Wimplicit-function-declaration]
  187 |     int32_t *arr = (int32_t *)malloc(n * sizeof(int32_t));
      |                               ^
test_numlib.c:187:31: note: include the header <stdlib.h> or explicitly provide a declaration for 'malloc'
test_numlib.c:190:9: error: call to undeclared library function 'free' with type 'void (void *)'; ISO C99 and later do not support implicit function declarations [-Wimplicit-function-declaration]
  190 |         free(arr);
      |         ^
test_numlib.c:190:9: note: include the header <stdlib.h> or explicitly provide a declaration for 'free'
test_numlib.c:666:2: warning: no newline at end of file [-Wnewline-eof]
  666 | }
      |  ^
3 warnings and 2 errors generated.
make: *** [build/test_numlib.o] Error 1
[0m
[0m← [0mWrite test_numlib.c
Wrote file successfully.
[0m
[0m$ [0mmake test
cc -std=c99 -O0 -g -Wall -Wextra -Wpedantic --coverage -c test_numlib.c -o build/test_numlib.o
In file included from test_numlib.c:1:
./numlib.h:15:22: warning: no newline at end of file [-Wnewline-eof]
   15 | #endif /* NUMLIB_H */
      |                      ^
test_numlib.c:666:2: warning: no newline at end of file [-Wnewline-eof]
  666 | }
      |  ^
test_numlib.c:40:13: warning: unused function 'print_double_array' [-Wunused-function]
   40 | static void print_double_array(const char *msg, const double *arr, size_t n) {
      |             ^~~~~~~~~~~~~~~~~~
3 warnings generated.
cc --coverage -o build/test_numlib build/numlib.o build/test_numlib.o
./build/test_numlib
Running bubble_sort_i32 tests...
T01 PASS
T02 PASS
T03 PASS
T04 PASS
T05 PASS
T06 PASS
T07 PASS
T08 PASS (see design decision)
T09 PASS
T10 PASS

Running gauss_eliminate tests...
T11 PASS
T12 PASS
T13 PASS
T14 PASS
T15 PASS
T16 PASS
T17 PASS
T18 PASS
T19 PASS
T20 FAIL: expected NUMILIB_ERR_SINGULAR, got 0
T20 FAIL
T21 PASS
T22 PASS
T23 PASS
T24 PASS

Total: 23 passed, 1 failed
make: *** [test] Error 1
[0m
[0m← [0mWrite test_numlib.c
Wrote file successfully.
[0m
[0m$ [0mmake test
cc -std=c99 -O0 -g -Wall -Wextra -Wpedantic --coverage -c test_numlib.c -o build/test_numlib.o
test_numlib.c:4:5: error: use of undeclared identifier 'size_t'; did you mean 'sizeof'?
    4 |     size_t n = 2;
      |     ^~~~~~
      |     sizeof
test_numlib.c:4:14: error: expression is not assignable
    4 |     size_t n = 2;
      |     ~~~~~~~~ ^
test_numlib.c:4:12: error: use of undeclared identifier 'n'
    4 |     size_t n = 2;
      |            ^
test_numlib.c:5:29: error: call to undeclared library function 'malloc' with type 'void *(unsigned long)'; ISO C99 and later do not support implicit function declarations [-Wimplicit-function-declaration]
    5 |     double **A = (double **)malloc(n * sizeof(double *));
      |                             ^
test_numlib.c:5:29: note: include the header <stdlib.h> or explicitly provide a declaration for 'malloc'
test_numlib.c:5:36: error: use of undeclared identifier 'n'
    5 |     double **A = (double **)malloc(n * sizeof(double *));
      |                                    ^
test_numlib.c:6:34: error: use of undeclared identifier 'n'
    6 |     double *b = (double *)malloc(n * sizeof(double));
      |                                  ^
test_numlib.c:7:34: error: use of undeclared identifier 'n'
    7 |     double *x = (double *)malloc(n * sizeof(double));
      |                                  ^
test_numlib.c:9:9: error: call to undeclared library function 'free' with type 'void (void *)'; ISO C99 and later do not support implicit function declarations [-Wimplicit-function-declaration]
    9 |         free(A); free(b); free(x);
      |         ^
test_numlib.c:9:9: note: include the header <stdlib.h> or explicitly provide a declaration for 'free'
test_numlib.c:10:9: error: call to undeclared library function 'printf' with type 'int (const char *, ...)'; ISO C99 and later do not support implicit function declarations [-Wimplicit-function-declaration]
   10 |         printf("T20 FAIL: out of memory\n");
      |         ^
test_numlib.c:10:9: note: include the header <stdio.h> or explicitly provide a declaration for 'printf'
test_numlib.c:11:16: error: use of undeclared identifier 'FAIL'
   11 |         return FAIL;
      |                ^
test_numlib.c:13:10: error: use of undeclared identifier 'size_t'; did you mean 'sizeof'?
   13 |     for (size_t i = 0; i < n; i++) {
      |          ^~~~~~
      |          sizeof
test_numlib.c:13:19: error: expression is not assignable
   13 |     for (size_t i = 0; i < n; i++) {
      |          ~~~~~~~~ ^
test_numlib.c:13:17: error: use of undeclared identifier 'i'
   13 |     for (size_t i = 0; i < n; i++) {
      |                 ^
test_numlib.c:13:24: error: use of undeclared identifier 'i'
   13 |     for (size_t i = 0; i < n; i++) {
      |                        ^
test_numlib.c:13:28: error: use of undeclared identifier 'n'
   13 |     for (size_t i = 0; i < n; i++) {
      |                            ^
test_numlib.c:13:31: error: use of undeclared identifier 'i'
   13 |     for (size_t i = 0; i < n; i++) {
      |                               ^
test_numlib.c:14:11: error: use of undeclared identifier 'i'
   14 |         A[i] = (double *)malloc(n * sizeof(double));
      |           ^
test_numlib.c:14:33: error: use of undeclared identifier 'n'
   14 |         A[i] = (double *)malloc(n * sizeof(double));
      |                                 ^
test_numlib.c:15:16: error: use of undeclared identifier 'i'
   15 |         if (!A[i]) {
      |                ^
fatal error: too many errors emitted, stopping now [-ferror-limit=]
20 errors generated.
make: *** [build/test_numlib.o] Error 1
[0m
[0m← [0mWrite test_numlib.c
Wrote file successfully.
[0m
[0m$ [0mmake test
cc -std=c99 -O0 -g -Wall -Wextra -Wpedantic --coverage -c test_numlib.c -o build/test_numlib.o
In file included from test_numlib.c:1:
./numlib.h:15:22: warning: no newline at end of file [-Wnewline-eof]
   15 | #endif /* NUMLIB_H */
      |                      ^
test_numlib.c:667:2: warning: no newline at end of file [-Wnewline-eof]
  667 | }
      |  ^
test_numlib.c:40:13: warning: unused function 'print_double_array' [-Wunused-function]
   40 | static void print_double_array(const char *msg, const double *arr, size_t n) {
      |             ^~~~~~~~~~~~~~~~~~
3 warnings generated.
cc --coverage -o build/test_numlib build/numlib.o build/test_numlib.o
./build/test_numlib
Running bubble_sort_i32 tests...
T01 PASS
T02 PASS
T03 PASS
T04 PASS
T05 PASS
T06 PASS
T07 PASS
T08 PASS (see design decision)
T09 PASS
T10 PASS

Running gauss_eliminate tests...
T11 PASS
T12 PASS
T13 PASS
T14 PASS
T15 PASS
T16 PASS
T17 PASS
T18 PASS
T19 PASS
T20 PASS
T21 PASS
T22 PASS
T23 PASS
T24 PASS

Total: 24 passed, 0 failed
[0m
[0m$ [0mmake coverage
./build/test_numlib
Running bubble_sort_i32 tests...
T01 PASS
T02 PASS
T03 PASS
T04 PASS
T05 PASS
T06 PASS
T07 PASS
T08 PASS (see design decision)
T09 PASS
T10 PASS

Running gauss_eliminate tests...
T11 PASS
T12 PASS
T13 PASS
T14 PASS
T15 PASS
T16 PASS
T17 PASS
T18 PASS
T19 PASS
T20 PASS
T21 PASS
T22 PASS
T23 PASS
T24 PASS

Total: 24 passed, 0 failed
gcov -o build numlib.c | tee build/gcov_summary.txt
File 'numlib.c'
Lines executed:97.10% of 69
Creating 'numlib.c.gcov'

mkdir -p tests/coverage/raw && mv -f numlib.c.gcov tests/coverage/raw/ && rm -f *.gcov
Message summary:
  1 warning message:
    unsupported: 1
lcov: WARNING: (unsupported) Function begin/end line exclusions not supported with this version of GCC/gcov; require gcc/9 or newer: attempting to derive function end lines - see lcovrc man entry for 'derive_function_end_line'.
	(use "lcov --ignore-errors unsupported,unsupported ..." to suppress this warning)
Message summary:
  no messages were reported
Overall coverage rate:
  source files: 1
  lines.......: 97.1% (67 of 69 lines)
  functions...: 100.0% (2 of 2 functions)
Message summary:
  no messages were reported
HTML: tests/coverage/index.html
[0m
[0m→ [0mRead tests/coverage/raw/numlib.c.gcov
[0m
[0m$ [0mmkdir -p tests/results
(no output)
[0m
[0m← [0mWrite tests/results/$(date +%Y-%m-%d_%H-%M)_unit.md
Wrote file successfully.
[0m
